
Memory Configuration

Name             Origin             Length             Attributes
BRAM             0x0000000000000000 0x0000000000004000 xrw
*default*        0x0000000000000000 0xffffffffffffffff

Linker script and memory map


everything      0x0000000000000000      0x452
                0x0000000000000000                . = ALIGN (0x4)
 calculator.o(.text)
 .text          0x0000000000000000       0xec calculator.o
 *(.*)
 .data          0x00000000000000ec       0x36 calculator.o
 .bss           0x0000000000000122        0x0 calculator.o
 .riscv.attributes
                0x0000000000000122       0x1a calculator.o
 .text          0x000000000000013c       0xfc bin_to_bcd.o
                0x000000000000013c                bin_to_bcd
 .data          0x0000000000000238        0x0 bin_to_bcd.o
 .bss           0x0000000000000238        0x0 bin_to_bcd.o
 .riscv.attributes
                0x0000000000000238       0x1a bin_to_bcd.o
 *fill*         0x0000000000000252        0x2 
 .text          0x0000000000000254       0x78 mult.o
                0x0000000000000254                mult
                0x000000000000029c                mult_hw
 .data          0x00000000000002cc        0x0 mult.o
 .bss           0x00000000000002cc        0x0 mult.o
 .riscv.attributes
                0x00000000000002cc       0x1a mult.o
 *fill*         0x00000000000002e6        0x2 
 .text          0x00000000000002e8       0x60 div.o
                0x00000000000002e8                div
 .data          0x0000000000000348        0x0 div.o
 .bss           0x0000000000000348        0x0 div.o
 .riscv.attributes
                0x0000000000000348       0x1a div.o
 *fill*         0x0000000000000362        0x2 
 .text          0x0000000000000364       0x24 wait.o
                0x0000000000000364                wait
 .data          0x0000000000000388        0x0 wait.o
 .bss           0x0000000000000388        0x0 wait.o
 .riscv.attributes
                0x0000000000000388       0x1a wait.o
 *fill*         0x00000000000003a2        0x2 
 .text          0x00000000000003a4       0x44 putchar.o
                0x00000000000003a4                putchar
 .data          0x00000000000003e8        0x0 putchar.o
 .bss           0x00000000000003e8        0x0 putchar.o
 .riscv.attributes
                0x00000000000003e8       0x1a putchar.o
 *fill*         0x0000000000000402        0x2 
 .text          0x0000000000000404       0x34 getchar.o
                0x0000000000000404                getchar
 .data          0x0000000000000438        0x0 getchar.o
 .bss           0x0000000000000438        0x0 getchar.o
 .riscv.attributes
                0x0000000000000438       0x1a getchar.o
LOAD bin_to_bcd.o
LOAD mult.o
LOAD div.o
LOAD wait.o
LOAD putchar.o
LOAD getchar.o
LOAD calculator.o
OUTPUT(firmware.elf elf32-littleriscv)
